current directory: /home/ubuntu/environment/MokuQuest/vendor/bundle/ruby/3.3.0/gems/date-3.5.1/ext/date
/home/ubuntu/.rbenv/versions/3.3.6/bin/ruby extconf.rb
checking for rb_category_warn()... yes
checking for timezone in time.h with  -Werror... yes
checking for altzone in time.h with  -Werror... no
creating Makefile

current directory: /home/ubuntu/environment/MokuQuest/vendor/bundle/ruby/3.3.0/gems/date-3.5.1/ext/date
make DESTDIR\= sitearchdir\=./.gem.20260604-8250-wobbx2 sitelibdir\=./.gem.20260604-8250-wobbx2 clean

current directory: /home/ubuntu/environment/MokuQuest/vendor/bundle/ruby/3.3.0/gems/date-3.5.1/ext/date
make DESTDIR\= sitearchdir\=./.gem.20260604-8250-wobbx2 sitelibdir\=./.gem.20260604-8250-wobbx2
compiling date_core.c
compiling date_parse.c
compiling date_strftime.c
compiling date_strptime.c
linking shared-object date_core.so

current directory: /home/ubuntu/environment/MokuQuest/vendor/bundle/ruby/3.3.0/gems/date-3.5.1/ext/date
make DESTDIR\= sitearchdir\=./.gem.20260604-8250-wobbx2 sitelibdir\=./.gem.20260604-8250-wobbx2 install
/usr/bin/install -c -m 0755 date_core.so ./.gem.20260604-8250-wobbx2

current directory: /home/ubuntu/environment/MokuQuest/vendor/bundle/ruby/3.3.0/gems/date-3.5.1/ext/date
make DESTDIR\= sitearchdir\=./.gem.20260604-8250-wobbx2 sitelibdir\=./.gem.20260604-8250-wobbx2 clean
